cargo :    Compiling lyxalkv v0.16.0 
(C:\Users\Administrator\Downloads\Lyxal_Solution-main\lyxal_solution_backend\lyxalkv)
At line:1 char:1
+ cargo test --package lyxalkv --lib -- levels::tests lockfile::tests - ...
+ ~~~~~~~~~~~~~~~~~~~~~~~~~~~~~~~~~~~~~~~~~~~~~~~~~~~~~~~~~~~~~~~~~~~~~
    + CategoryInfo          : NotSpecified: (   Compiling ly...ackend\lyxalkv):String) [], RemoteException
    + FullyQualifiedErrorId : NativeCommandError
 
warning: unused import: `std::sync::Arc`
 --> lyxalkv\src\sstable\zero_copy_tests.rs:3:9
  |
3 |     use std::sync::Arc;
  |         ^^^^^^^^^^^^^^
  |
  = note: `#[warn(unused_imports)]` (part of `#[warn(unused)]`) on by default

warning: unused import: `std::path::PathBuf`
 --> lyxalkv\src\sstable\zero_copy_tests.rs:4:9
  |
4 |     use std::path::PathBuf;
  |         ^^^^^^^^^^^^^^^^^^

warning: unused import: `crate::Options`
 --> lyxalkv\src\sstable\zero_copy_tests.rs:9:9
  |
9 |     use crate::Options;
  |         ^^^^^^^^^^^^^^

warning: unused import: `crate::sstable::table::TableWriter`
  --> lyxalkv\src\sstable\zero_copy_tests.rs:12:9
   |
12 |     use crate::sstable::table::TableWriter;
   |         ^^^^^^^^^^^^^^^^^^^^^^^^^^^^^^^^^^

warning: method `value_dataref` is never used
   --> lyxalkv\src\sstable\block.rs:759:16
    |
560 | impl BlockIterator {
    | ------------------ method in this implementation
...
759 |     pub(crate) fn value_dataref(&self) -> DataRef {
    |                   ^^^^^^^^^^^^^
    |
    = note: `#[warn(dead_code)]` (part of `#[warn(unused)]`) on by default

warning: method `value_bytes_dataref` is never used
    --> lyxalkv\src\sstable\table.rs:1090:16
     |
1003 | impl TableIterator {
     | ------------------ method in this implementation
...
1090 |     pub(crate) fn value_bytes_dataref(&self) -> crate::data::DataRef {
     |                   ^^^^^^^^^^^^^^^^^^^

warning: `lyxalkv` (lib test) generated 6 warnings (run `cargo fix --lib -p lyxalkv --tests` to apply 4 suggestions)
    Finished `test` profile [unoptimized + debuginfo] target(s) in 45.91s
     Running unittests src\lib.rs (C:\Users\Administrator\Downloads\Lyxal_Solution-main\lyxal_solution_backend\target\d
ebug\deps\lyxalkv-53873c8dd37d608f.exe)

running 11 tests

thread 'levels::tests::test_last_sequence_persistence_across_manifest_reload' (6384) panicked at 
lyxalkv\src\levels\mod.rs:1173:18:
Failed to create table 1: Io(Os { code: 5, kind: PermissionDenied, message: "Access is denied." })
note: run with `RUST_BACKTRACE=1` environment variable to display a backtrace

thread 'levels::tests::test_manifest_v1_with_log_number_and_last_sequence' (7932) panicked at 
lyxalkv\src\levels\mod.rs:1250:14:
Failed to create table: Io(Os { code: 5, kind: PermissionDenied, message: "Access is denied." })
test levels::tests::test_last_sequence_persistence_across_manifest_reload ... FAILED
test levels::tests::test_manifest_v1_with_log_number_and_last_sequence ... FAILED

thread 'levels::tests::test_lsn_with_multiple_l0_tables' (16964) panicked at lyxalkv\src\levels\mod.rs:1010:14:
Failed to create table 1: Io(Os { code: 5, kind: PermissionDenied, message: "Access is denied." })
test levels::tests::test_lsn_with_multiple_l0_tables ... FAILED
[INFO  lyxalkv::levels] Loading manifest from 
"C:\\Users\\ADMINI~1\\AppData\\Local\\Temp\\3\\.tmpFiO2ly\\manifest\\00000000000000000000.manifest"
[INFO  lyxalkv::levels] Manifest loaded successfully: version=1, log_number=0, last_sequence=300, tables=3, levels=3
[INFO  lyxalkv::levels] Loading manifest from 
"C:\\Users\\ADMINI~1\\AppData\\Local\\Temp\\3\\.tmpFiO2ly\\manifest\\00000000000000000000.manifest"
[INFO  lyxalkv::levels] Manifest loaded successfully: version=1, log_number=0, last_sequence=300, tables=3, levels=3
DEBUG: LockFile::release() actually taking file
DEBUG: LockFile::release() file already taken
test lockfile::tests::test_lock_acquisition_and_release ... ok
test levels::tests::test_level_manifest_persistence ... ok
DEBUG: LockFile::release() actually taking file
DEBUG: LockFile::release() actually taking file
DEBUG: LockFile::release() actually taking file
DEBUG: LockFile::release() file already taken
test lockfile::tests::test_lock_contention ... ok
[INFO  lyxalkv::lsm] === Starting LSM tree initialization ===
[INFO  lyxalkv::lsm] Database path: "C:\\Users\\ADMINI~1\\AppData\\Local\\Temp\\3\\.tmp2g3Ket"
DEBUG: LockFile::release() actually taking file
[INFO  lyxalkv::lsm] Found 1 WAL files for recovery (starting from log 0)
DEBUG: LockFile::release() actually taking file
[INFO  lyxalkv::lsm] Recovering from WAL file #0: 
"C:\\Users\\ADMINI~1\\AppData\\Local\\Temp\\3\\.tmp2g3Ket\\wal\\00000000000000000000.wal"
[INFO  lyxalkv::lsm] Replayed 0 batches from WAL #0
[INFO  lyxalkv::lsm] Manifest state: log_number=0, last_sequence=0
[INFO  lyxalkv::wal::recovery] Starting WAL recovery from directory: 
"C:\\Users\\ADMINI~1\\AppData\\Local\\Temp\\3\\.tmp2g3Ket\\wal"
[INFO  lyxalkv::wal::recovery] Replaying WAL segments #00000000000000000000 to #00000000000000000000
DEBUG: LockFile::release() file already taken
test lockfile::tests::test_drop_releases_lock ... ok
[INFO  lyxalkv::wal::recovery] No data recovered from WAL segments
[INFO  lyxalkv::lsm] === LSM tree initialization complete ===
test lockfile::tests::test_lock_with_process_id ... ok
[INFO  lyxalkv::lsm] === Starting LSM tree initialization ===
[INFO  lyxalkv::lsm] Database path: "C:\\Users\\ADMINI~1\\AppData\\Local\\Temp\\3\\.tmp2g3Ket"
[INFO  lyxalkv::lsm] === Starting LSM tree initialization ===
[INFO  lyxalkv::lsm] Database path: "C:\\Users\\ADMINI~1\\AppData\\Local\\Temp\\3\\.tmpfCHEvt"
DEBUG: LockFile::release() file already taken
[INFO  lyxalkv::lsm] === Starting LSM tree initialization ===
[INFO  lyxalkv::lsm] === Starting LSM tree initialization ===
[INFO  lyxalkv::lsm] === Starting LSM tree initialization ===
[INFO  lyxalkv::lsm] Database path: "C:\\Users\\ADMINI~1\\AppData\\Local\\Temp\\3\\.tmpfCHEvt"
[INFO  lyxalkv::lsm] Database path: "C:\\Users\\ADMINI~1\\AppData\\Local\\Temp\\3\\.tmpfCHEvt"
[INFO  lyxalkv::lsm] Database path: "C:\\Users\\ADMINI~1\\AppData\\Local\\Temp\\3\\.tmpfCHEvt"
[INFO  lyxalkv::lsm] === Starting LSM tree initialization ===
[INFO  lyxalkv::lsm] === Starting LSM tree initialization ===
[INFO  lyxalkv::lsm] Database path: "C:\\Users\\ADMINI~1\\AppData\\Local\\Temp\\3\\.tmpfCHEvt"
[INFO  lyxalkv::lsm] === Starting LSM tree initialization ===
[INFO  lyxalkv::lsm] Database path: "C:\\Users\\ADMINI~1\\AppData\\Local\\Temp\\3\\.tmpfCHEvt"
[INFO  lyxalkv::lsm] === Starting LSM tree initialization ===
[INFO  lyxalkv::lsm] Database path: "C:\\Users\\ADMINI~1\\AppData\\Local\\Temp\\3\\.tmpfCHEvt"
[INFO  lyxalkv::lsm] === Starting LSM tree initialization ===
[INFO  lyxalkv::lsm] Database path: "C:\\Users\\ADMINI~1\\AppData\\Local\\Temp\\3\\.tmpfCHEvt"
[INFO  lyxalkv::lsm] === Starting LSM tree initialization ===
[INFO  lyxalkv::lsm] Database path: "C:\\Users\\ADMINI~1\\AppData\\Local\\Temp\\3\\.tmpfCHEvt"
[INFO  lyxalkv::lsm] Database path: "C:\\Users\\ADMINI~1\\AppData\\Local\\Temp\\3\\.tmpfCHEvt"
DEBUG: LockFile::release() file already taken
DEBUG: LockFile::release() file already taken
DEBUG: LockFile::release() file already taken
DEBUG: LockFile::release() file already taken
DEBUG: LockFile::release() file already taken
DEBUG: LockFile::release() file already taken
DEBUG: LockFile::release() file already taken
DEBUG: LockFile::release() file already taken
DEBUG: LockFile::release() file already taken
[INFO  lyxalkv::lsm] Found 1 WAL files for recovery (starting from log 0)
[INFO  lyxalkv::lsm] Recovering from WAL file #0: 
"C:\\Users\\ADMINI~1\\AppData\\Local\\Temp\\3\\.tmpfCHEvt\\wal\\00000000000000000000.wal"
[INFO  lyxalkv::lsm] Replayed 0 batches from WAL #0
[INFO  lyxalkv::lsm] Manifest state: log_number=0, last_sequence=0
[INFO  lyxalkv::wal::recovery] Starting WAL recovery from directory: 
"C:\\Users\\ADMINI~1\\AppData\\Local\\Temp\\3\\.tmpfCHEvt\\wal"
[INFO  lyxalkv::wal::recovery] Replaying WAL segments #00000000000000000000 to #00000000000000000000
[INFO  lyxalkv::wal::recovery] No data recovered from WAL segments
DEBUG: LockFile::release() actually taking file
[INFO  lyxalkv::lsm] === LSM tree initialization complete ===
[INFO  lyxalkv::lsm] Shutting down LSM tree...
[INFO  lyxalkv::lsm] Flushing all memtables on shutdown (flush_on_close=true)
[INFO  lyxalkv::lsm] Flushing all memtables for shutdown...
[INFO  lyxalkv::lsm] All memtables flushed successfully for shutdown
[INFO  lyxalkv::lsm] All memtables flushed successfully on shutdown
[INFO  lyxalkv::lsm] Closing WAL: active_log_number=0
DEBUG: LockFile::release() actually taking file
[INFO  lyxalkv::lsm] === LSM tree shutdown complete === log_number=0, last_sequence=0
[INFO  lyxalkv::lsm] Shutting down LSM tree...
[INFO  lyxalkv::lsm] Flushing all memtables on shutdown (flush_on_close=true)
[INFO  lyxalkv::lsm] Flushing all memtables for shutdown...
[INFO  lyxalkv::lsm] All memtables flushed successfully for shutdown
[INFO  lyxalkv::lsm] All memtables flushed successfully on shutdown
[INFO  lyxalkv::lsm] Closing WAL: active_log_number=0
DEBUG: LockFile::release() file already taken
DEBUG: LockFile::release() file already taken
[INFO  lyxalkv::lsm] === LSM tree shutdown complete === log_number=0, last_sequence=0

thread 'lockfile::tests::test_lock_file_prevents_concurrent_access' (20520) panicked at lyxalkv\src\lockfile.rs:256:13:
Expected a lock error
DEBUG: LockFile::release() file already taken
test lockfile::tests::test_stale_lockfile_doesnt_block ... ok
test lockfile::tests::test_lock_file_multithreaded ... ok
DEBUG: LockFile::release() actually taking file
test lockfile::tests::test_lock_file_prevents_concurrent_access ... FAILED

failures:

failures:
    levels::tests::test_last_sequence_persistence_across_manifest_reload
    levels::tests::test_lsn_with_multiple_l0_tables
    levels::tests::test_manifest_v1_with_log_number_and_last_sequence
    lockfile::tests::test_lock_file_prevents_concurrent_access

test result: FAILED. 7 passed; 4 failed; 0 ignored; 0 measured; 713 filtered out; finished in 0.19s

error: test failed, to rerun pass `-p lyxalkv --lib`
