cargo :    Compiling lyxalkv v0.16.0 
(C:\Users\Administrator\Downloads\Lyxal_Solution-main\lyxal_solution_backend\lyxalkv)
At line:1 char:1
+ cargo test --package lyxalkv --lib -- levels::tests lockfile::tests - ...
+ ~~~~~~~~~~~~~~~~~~~~~~~~~~~~~~~~~~~~~~~~~~~~~~~~~~~~~~~~~~~~~~~~~~~~~
    + CategoryInfo          : NotSpecified: (   Compiling ly...ackend\lyxalkv):String) [], RemoteException
    + FullyQualifiedErrorId : NativeCommandError
 
error[E0658]: attributes on expressions are experimental
  --> lyxalkv\src\lockfile.rs:81:8
   |
81 |                 || #[cfg(windows)]
   |                    ^^^^^^^^^^^^^^^
   |
   = note: see issue #15701 <https://github.com/rust-lang/rust/issues/15701> for more information

warning: unused import: `crate::error::Error`
   --> lyxalkv\src\lockfile.rs:146:6
    |
146 |     use crate::error::Error;
    |         ^^^^^^^^^^^^^^^^^^^
    |
    = note: `#[warn(unused_imports)]` (part of `#[warn(unused)]`) on by default

warning: unused import: `std::sync::Arc`
 --> lyxalkv\src\sstable\zero_copy_tests.rs:3:9
  |
3 |     use std::sync::Arc;
  |         ^^^^^^^^^^^^^^

warning: unused import: `std::path::PathBuf`
 --> lyxalkv\src\sstable\zero_copy_tests.rs:4:9
  |
4 |     use std::path::PathBuf;
  |         ^^^^^^^^^^^^^^^^^^

warning: unused import: `crate::Options`
 --> lyxalkv\src\sstable\zero_copy_tests.rs:9:9
  |
9 |     use crate::Options;
  |         ^^^^^^^^^^^^^^

warning: unused import: `crate::sstable::table::TableWriter`
  --> lyxalkv\src\sstable\zero_copy_tests.rs:12:9
   |
12 |     use crate::sstable::table::TableWriter;
   |         ^^^^^^^^^^^^^^^^^^^^^^^^^^^^^^^^^^

For more information about this error, try `rustc --explain E0658`.
warning: `lyxalkv` (lib test) generated 5 warnings
error: could not compile `lyxalkv` (lib test) due to 1 previous error; 5 warnings emitted
