cargo :    Compiling lyxalkv v0.16.0 (C:\U
sers\Administrator\Downloads\Lyxal_Solutio
n-main\lyxal_solution_backend\lyxalkv)
At line:1 char:1
+ cargo test --package lyxalkv --lib -- 
lsm::tests::test_recovery_with_ ...
+ ~~~~~~~~~~~~~~~~~~~~~~~~~~~~~~~~~~~~~~~~
~~~~~~~~~~~~~~~~~~~~~~~~~~~~~
    + CategoryInfo          : NotSpecifie 
   d: (   Compiling ly...ackend\lyxalkv)  
  :String) [], RemoteException
    + FullyQualifiedErrorId : NativeComma 
   ndError
 
warning: unused import: `std::sync::Arc`
 --> 
lyxalkv\src\sstable\zero_copy_tests.rs:3:9
  |
3 |     use std::sync::Arc;
  |         ^^^^^^^^^^^^^^
  |
  = note: `#[warn(unused_imports)]` (part 
of `#[warn(unused)]`) on by default

warning: unused import: 
`std::path::PathBuf`
 --> 
lyxalkv\src\sstable\zero_copy_tests.rs:4:9
  |
4 |     use std::path::PathBuf;
  |         ^^^^^^^^^^^^^^^^^^

warning: unused import: `crate::Options`
 --> 
lyxalkv\src\sstable\zero_copy_tests.rs:9:9
  |
9 |     use crate::Options;
  |         ^^^^^^^^^^^^^^

warning: unused import: 
`crate::sstable::table::TableWriter`
  --> lyxalkv\src\sstable\zero_copy_tests.
rs:12:9
   |
12 |     use 
crate::sstable::table::TableWriter;
   |         
^^^^^^^^^^^^^^^^^^^^^^^^^^^^^^^^^^

warning: method `value_dataref` is never 
used
   --> lyxalkv\src\sstable\block.rs:759:16
    |
560 | impl BlockIterator {
    | ------------------ method in this 
implementation
...
759 |     pub(crate) fn 
value_dataref(&self) -> DataRef {
    |                   ^^^^^^^^^^^^^
    |
    = note: `#[warn(dead_code)]` (part of 
`#[warn(unused)]`) on by default

warning: method `value_bytes_dataref` is 
never used
    --> 
lyxalkv\src\sstable\table.rs:1090:16
     |
1003 | impl TableIterator {
     | ------------------ method in this 
implementation
...
1090 |     pub(crate) fn 
value_bytes_dataref(&self) -> 
crate::data::DataRef {
     |                   
^^^^^^^^^^^^^^^^^^^

warning: `lyxalkv` (lib test) generated 6 
warnings (run `cargo fix --lib -p lyxalkv 
--tests` to apply 4 suggestions)
    Finished `test` profile [unoptimized 
+ debuginfo] target(s) in 22.79s
     Running unittests src\lib.rs (C:\User
s\Administrator\Downloads\Lyxal_Solution-m
ain\lyxal_solution_backend\target\debug\de
ps\lyxalkv-53873c8dd37d608f.exe)

running 1 test
test lsm::tests::test_recovery_with_manually_created_wal_segments ... ok

test result: ok. 1 passed; 0 failed; 0 ignored; 0 measured; 723 filtered out; finished in 0.22s

