cargo :     Finished `test` profile 
[unoptimized + debuginfo] target(s) in 
0.72s
At line:1 char:1
+ cargo test --package lyxalkv --lib 
--features mmap_read -- sstable::z ...
+ ~~~~~~~~~~~~~~~~~~~~~~~~~~~~~~~~~~~~~~~~
~~~~~~~~~~~~~~~~~~~~~~~~~~~~~
    + CategoryInfo          : NotSpecifie 
   d: (    Finished `t...get(s) in 0.72s  
  :String) [], RemoteException
    + FullyQualifiedErrorId : NativeComma 
   ndError
 
     Running unittests src\lib.rs (C:\User
s\Administrator\Downloads\Lyxal_Solution-m
ain\lyxal_solution_backend\target\debug\de
ps\lyxalkv-fd3a18bd275fec76.exe)

running 1 test
test sstable::zero_copy_tests::tests::test_zero_copy_deferred_delete ... FAILED

failures:

---- sstable::zero_copy_tests::tests::test_zero_copy_deferred_delete stdout ----

thread 'sstable::zero_copy_tests::tests::test_zero_copy_deferred_delete' (17564) panicked at lyxalkv\src\sstable\zero_copy_tests.rs:108:9:
File should be deleted after last DataRef is dropped
note: run with `RUST_BACKTRACE=1` environment variable to display a backtrace
MmapHandle::drop: Tombstoned, deleting "c:\\users\\administrator\\appdata\\local\\temp\\3\\.tmpokgol7\\test_deferred.sst"
MmapHandle::drop: Successfully deleted "c:\\users\\administrator\\appdata\\local\\temp\\3\\.tmpokgol7\\test_deferred.sst"


failures:
    sstable::zero_copy_tests::tests::test_zero_copy_deferred_delete

test result: FAILED. 0 passed; 1 failed; 0 ignored; 0 measured; 732 filtered out; finished in 2.59s

error: test failed, to rerun pass `-p 
lyxalkv --lib`
