cargo :    Compiling lyxalkv v0.16.0 (C:\U
sers\Administrator\Downloads\Lyxal_Solutio
n-main\lyxal_solution_backend\lyxalkv)
At line:1 char:1
+ cargo test --package lyxalkv --lib 
--features mmap_read -- sstable::z ...
+ ~~~~~~~~~~~~~~~~~~~~~~~~~~~~~~~~~~~~~~~~
~~~~~~~~~~~~~~~~~~~~~~~~~~~~~
    + CategoryInfo          : NotSpecifie 
   d: (   Compiling ly...ackend\lyxalkv)  
  :String) [], RemoteException
    + FullyQualifiedErrorId : NativeComma 
   ndError
 
error: unexpected closing delimiter: `}`
  --> lyxalkv\src\data.rs:73:1
   |
47 | impl Drop for MmapHandle {
   |                          - this 
delimiter might not be properly closed...
...
72 |     }
   |     - ...as it matches this but it 
has different indentation
73 | }
   | ^ unexpected closing delimiter

error: could not compile `lyxalkv` (lib 
test) due to 1 previous error
